---
source: crates/macros/src/tests.rs
expression: expand_options_from_file(source)
---
/// Partial options struct with optional fields for CLI/YAML parsing.
#[derive(
    ::clap::Args,
    ::std::clone::Clone,
    ::std::fmt::Debug,
    ::std::default::Default,
    ::serde::Deserialize,
    ::serde::Serialize
)]
pub struct BatchOptionsPartial {
    /// Should the spectrogram command be executed?
    ///
    /// Default: `false`
    #[arg(long = "spectrogram", num_args = 0..= 1, default_missing_value = "true")]
    #[serde(default, skip_serializing_if = "::std::option::Option::is_none")]
    pub spectrogram: Option<bool>,
    /// Should the transcode command be executed?
    ///
    /// Default: `false`
    #[arg(long = "transcode", num_args = 0..= 1, default_missing_value = "true")]
    #[serde(default, skip_serializing_if = "::std::option::Option::is_none")]
    pub transcode: Option<bool>,
    /// Should failed transcodes be retried?
    ///
    /// Default: `false`
    #[arg(long = "retry-transcode", num_args = 0..= 1, default_missing_value = "true")]
    #[serde(default, skip_serializing_if = "::std::option::Option::is_none")]
    pub retry_transcode: Option<bool>,
    /// Should the upload command be executed?
    ///
    /// Default: `false`
    #[arg(long = "upload", num_args = 0..= 1, default_missing_value = "true")]
    #[serde(default, skip_serializing_if = "::std::option::Option::is_none")]
    pub upload: Option<bool>,
    /// Limit the number of torrents to batch process.
    ///
    /// If `no_limit` is set, this option is ignored.
    ///
    /// Default: `3`
    #[arg(long)]
    #[serde(default, skip_serializing_if = "::std::option::Option::is_none")]
    pub limit: Option<usize>,
    /// Should the `limit` option be ignored?
    ///
    /// Default: `false`
    #[arg(long = "no-limit", num_args = 0..= 1, default_missing_value = "true")]
    #[serde(default, skip_serializing_if = "::std::option::Option::is_none")]
    pub no_limit: Option<bool>,
    /// Wait for a duration before uploading the torrent.
    ///
    /// The duration is a string that can be parsed such as `500ms`, `5m`, `1h30m15s`.
    #[arg(long)]
    #[serde(default, skip_serializing_if = "::std::option::Option::is_none")]
    pub wait_before_upload: Option<String>,
    /// Path to a bash script to run after each successful transcode target.
    ///
    /// The script receives one argument: a YAML payload file path.
    #[arg(long)]
    #[serde(default, skip_serializing_if = "::std::option::Option::is_none")]
    pub post_transcode_hook: Option<PathBuf>,
    /// Path to a bash script to run after each successful upload target.
    ///
    /// The script receives one argument: a YAML payload file path.
    #[arg(long)]
    #[serde(default, skip_serializing_if = "::std::option::Option::is_none")]
    pub post_upload_hook: Option<PathBuf>,
}
impl BatchOptionsPartial {
    fn resolve_internal(
        self,
        validate: bool,
    ) -> ::std::result::Result<
        BatchOptions,
        ::std::vec::Vec<::caesura_options::OptionRule>,
    > {
        let mut errors = ::std::vec::Vec::new();
        let spectrogram = self.spectrogram;
        let transcode = self.transcode;
        let retry_transcode = self.retry_transcode;
        let upload = self.upload;
        let limit = self.limit;
        let no_limit = self.no_limit;
        let wait_before_upload = self.wait_before_upload;
        let post_transcode_hook = self.post_transcode_hook;
        let post_upload_hook = self.post_upload_hook;
        let resolved = BatchOptions {
            spectrogram: spectrogram.unwrap_or_default(),
            transcode: transcode.unwrap_or_default(),
            retry_transcode: retry_transcode.unwrap_or_default(),
            upload: upload.unwrap_or_default(),
            limit: limit.unwrap_or_else(|| 3),
            no_limit: no_limit.unwrap_or_default(),
            wait_before_upload,
            post_transcode_hook,
            post_upload_hook,
        };
        if validate {
            resolved.validate(&mut errors);
        }
        if errors.is_empty() {
            ::std::result::Result::Ok(resolved)
        } else {
            ::std::result::Result::Err(errors)
        }
    }
}
impl ::caesura_options::OptionsPartialContract for BatchOptionsPartial {
    type Resolved = BatchOptions;
    fn merge(&mut self, other: Self) {
        if self.spectrogram.is_none() {
            self.spectrogram = other.spectrogram;
        }
        if self.transcode.is_none() {
            self.transcode = other.transcode;
        }
        if self.retry_transcode.is_none() {
            self.retry_transcode = other.retry_transcode;
        }
        if self.upload.is_none() {
            self.upload = other.upload;
        }
        if self.limit.is_none() {
            self.limit = other.limit;
        }
        if self.no_limit.is_none() {
            self.no_limit = other.no_limit;
        }
        if self.wait_before_upload.is_none() {
            self.wait_before_upload = other.wait_before_upload;
        }
        if self.post_transcode_hook.is_none() {
            self.post_transcode_hook = other.post_transcode_hook;
        }
        if self.post_upload_hook.is_none() {
            self.post_upload_hook = other.post_upload_hook;
        }
    }
    fn resolve_without_validation(self) -> BatchOptions {
        self.resolve_internal(false).expect("validation disabled")
    }
    fn resolve(
        self,
    ) -> ::std::result::Result<
        BatchOptions,
        ::std::vec::Vec<::caesura_options::OptionRule>,
    > {
        self.resolve_internal(true)
    }
}
impl ::std::default::Default for BatchOptions {
    fn default() -> Self {
        Self {
            spectrogram: ::std::default::Default::default(),
            transcode: ::std::default::Default::default(),
            retry_transcode: ::std::default::Default::default(),
            upload: ::std::default::Default::default(),
            limit: 3,
            no_limit: ::std::default::Default::default(),
            wait_before_upload: ::std::option::Option::None,
            post_transcode_hook: ::std::option::Option::None,
            post_upload_hook: ::std::option::Option::None,
        }
    }
}
impl ::caesura_options::Documented for BatchOptions {
    fn doc_metadata() -> &'static ::caesura_options::OptionsDoc {
        static DOC: ::std::sync::LazyLock<::caesura_options::OptionsDoc> = ::std::sync::LazyLock::new(||
        ::caesura_options::OptionsDoc {
            name: "BatchOptions",
            description: "Options for batch processing",
            fields: ::std::vec![
                ::caesura_options::FieldDoc { config_key : "spectrogram", cli_flag :
                "--spectrogram", field_type : "bool", default_value :
                ::std::option::Option::Some("false".to_owned()), default_doc :
                ::std::option::Option::None, description :
                "Should the spectrogram command be executed?", },
                ::caesura_options::FieldDoc { config_key : "transcode", cli_flag :
                "--transcode", field_type : "bool", default_value :
                ::std::option::Option::Some("false".to_owned()), default_doc :
                ::std::option::Option::None, description :
                "Should the transcode command be executed?", },
                ::caesura_options::FieldDoc { config_key : "retry_transcode", cli_flag :
                "--retry-transcode", field_type : "bool", default_value :
                ::std::option::Option::Some("false".to_owned()), default_doc :
                ::std::option::Option::None, description :
                "Should failed transcodes be retried?", }, ::caesura_options::FieldDoc {
                config_key : "upload", cli_flag : "--upload", field_type : "bool",
                default_value : ::std::option::Option::Some("false".to_owned()),
                default_doc : ::std::option::Option::None, description :
                "Should the upload command be executed?", }, ::caesura_options::FieldDoc
                { config_key : "limit", cli_flag : "--limit", field_type : "usize",
                default_value : ::std::option::Option::Some(::serde_json::to_string(&
                (3)).unwrap()), default_doc : ::std::option::Option::None, description :
                "Limit the number of torrents to batch process.<br>If `no_limit` is set, this option is ignored.",
                }, ::caesura_options::FieldDoc { config_key : "no_limit", cli_flag :
                "--no-limit", field_type : "bool", default_value :
                ::std::option::Option::Some("false".to_owned()), default_doc :
                ::std::option::Option::None, description :
                "Should the `limit` option be ignored?", }, ::caesura_options::FieldDoc {
                config_key : "wait_before_upload", cli_flag : "--wait-before-upload",
                field_type : "Option<String>", default_value :
                ::std::option::Option::None, default_doc : ::std::option::Option::None,
                description :
                "Wait for a duration before uploading the torrent.<br>The duration is a string that can be parsed such as `500ms`, `5m`, `1h30m15s`.",
                }, ::caesura_options::FieldDoc { config_key : "post_transcode_hook",
                cli_flag : "--post-transcode-hook", field_type : "Option<PathBuf>",
                default_value : ::std::option::Option::None, default_doc :
                ::std::option::Option::None, description :
                "Path to a bash script to run after each successful transcode target.<br>The script receives one argument: a YAML payload file path.",
                }, ::caesura_options::FieldDoc { config_key : "post_upload_hook",
                cli_flag : "--post-upload-hook", field_type : "Option<PathBuf>",
                default_value : ::std::option::Option::None, default_doc :
                ::std::option::Option::None, description :
                "Path to a bash script to run after each successful upload target.<br>The script receives one argument: a YAML payload file path.",
                }
            ],
        });
        &DOC
    }
}
const _: () = {
    fn __register(
        provider: &mut ::caesura_options::OptionsProvider,
        services: &mut ::di::ServiceCollection,
    ) {
        provider.register::<BatchOptionsPartial>(services);
    }
    ::inventory::submit!(
        ::caesura_options::OptionsRegistration { doc_metadata : < BatchOptions as
        ::caesura_options::Documented > ::doc_metadata, register : __register, }
    );
};
