---
source: crates/core/src/commands/publish/tests/publish_command_tests.rs
expression: manifest
---
source_path: /path/to/source
torrent_path: ~
release_desc: Release notes
group:
  type: new_group
  title: Album Title
  year: 2024
  release_type: 1
  media: WEB
  tags:
    - electronic
    - ambient
  album_description: Group description
  request_id: 364781
  image: "https://example.com/cover.jpg"
  artists:
    - name: Artist Name
      role: 1
  edition:
    unknown_release: false
    remaster: true
    year: 2024
    title: Digital
    record_label: Label
    catalogue_number: CAT-001
    format: FLAC
    bitrate: Lossless
