---
source: crates/core/src/commands/config/tests/config_command_tests.rs
expression: output
---
# Allow transcoding to existing formats.
# Note: This is only useful for development and should probably not be used.
# Default: false
allow_existing: false
# Announce URL including passkey
# Examples: `https://flacsfor.me/a1b2c3d4e5f6/announce`, `https://home.opsfet.ch/a1b2c3d4e5f6/announce`
# Default: ""
announce_url: https://flacsfor.me/test/announce
# API key with torrent permissions for the indexer.
# Default: ""
api_key: test_api_key
# Path to cache directory.
# Default: `~/.cache/caesura/` or platform equivalent
cache: /test/cache
# Path to the configuration file.
# Default: `~/.config/caesura/config.yml` or platform equivalent
config: null
# Directories containing torrent content.
# Typically this is set as the download directory in your torrent client.
# Default: []
content: []
# Directory the torrent file is copied to.
# This should be set if you wish to auto-add to your torrent client.
copy_torrent_to: null
# Directory the transcoded files are copied to.
# This should be set if you wish to auto-add to your torrent client.
copy_transcode_to: null
# Should the transcoded files be copied to the content directory?
# Default: false
copy_transcode_to_content_dir: false
# Number of cpus to use for processing.
# Default: Total CPUs
cpus: 4
# Is this a dry run?
# If enabled data won't be uploaded and will instead be printed to the console.
# Default: false
dry_run: false
# Should sources with specific tags be excluded?
exclude_tags: null
# Vorbis comment tag names to exclude from transcoded output.
# Default: ["COMMENT","ENCODER","RATING","WORK"]
exclude_vorbis_comments:
- COMMENT
- ENCODER
- RATING
- WORK
# Should files be hard linked instead of copied?
# Enabling this option requires the source and destination to be on the same filesystem or mounted volume.
# Default: false
hard_link: false
# ID of the tracker as it appears in the source field of a torrent.
# Examples: `red`, `pth`, `ops`
# Default: from announce_url
indexer: red
# URL of the indexer.
# Examples: `https://redacted.sh`, `https://orpheus.network`
# Default: from announce_url
indexer_url: https://redacted.sh
# Quality percentage to apply for jpg compression.
# Only applied if the image is greater than `max_file_size`.
# Default: 80
jpg_quality: 80
# Limit the number of torrents to batch process.
# If `no_limit` is set, this option is ignored.
# Default: 3
limit: 3
# Time format to use in logs.
# Default: "local"
log_time: local
# Maximum file size in bytes beyond which images are compressed.
# Only applies to image files.
# Default: 750000
max_file_size: 750000
# Maximum size in pixels for images.
# Only applied if the image is greater than `max_file_size`.
# Default: 1280
max_pixel_size: 1280
# Should source files be moved to the seeding destination?
# If disabled, source files are hard linked into the destination.
# Default: false
move_source: false
# Should the hash check of source files be skipped?
# Note: This is only useful for development and should probably not be used.
# Default: false
no_hash_check: false
# Should compression of images be disabled?
# Default: false
no_image_compression: false
# Should the `limit` option be ignored?
# Default: false
no_limit: false
# Should conversion of png images to jpg be disabled?
# Only applied if the image is greater than `max_file_size`.
# Default: false
no_png_to_jpg: false
# Directory where transcodes and spectrograms will be written.
# Default: `~/.local/share/caesura/output/` or platform equivalent
output: /test/output
# A path to either a directory of `.torrent` files or a single YAML queue file.
# If you set this to the directory your torrent client stores `.torrent` files then caesura
# will automatically load everything from your client.
# - For qBittorrent use the `BT_backup` directory
# - For deluge use the `state` directory
# Examples:
# - `/srv/qBittorrent/BT_backup`
# - `/srv/deluge/state`
# - `./queue.yml`
queue_add_path: null
# Should transcoded files be renamed?
# If enabled then tracks are renamed into a standardized format: `{number} {title}.{ext}`.
# Multi-disc releases will be organized into `CD1/`, `CD2/` subfolders.
# - `1 Example track title.flac`
# - `CD1/10 Example track title.mp3`
# Default: false
rename_tracks: false
# Should failed transcodes be retried?
# Default: false
retry_transcode: false
# Is `SoX_ng` in use?
# If `true` then `sox_ng` specific CLI options are used.
# Default: Detected based on binary name or --version info
sox_ng: true
# Name or path to the sox binary.
# Examples: `sox`, `sox_ng`, `/usr/bin/sox`
# Default: Detected based on sox_ng flag
sox_path: null
# Use random dithering when resampling with `SoX`.
# By default, `SoX` runs in repeatable mode (`-R`) which seeds the dither
# random number generator with a fixed value, producing deterministic output.
# Set this to `true` to use random dithering instead.
# Default: false
sox_random_dither: false
# Should the spectrogram command be executed?
# Default: false
spectrogram: false
# Sizes of spectrograms to generate.
# Default: ["full","zoom"]
spectrogram_size:
- full
- zoom
# Formats to attempt to transcode to.
# Default: ["flac","320","v0"]
target:
- flac
- '320'
- v0
# Should the transcode command be executed?
# Default: false
transcode: false
# Should the upload command be executed?
# Default: false
upload: false
# Level of logs to display.
# Default: "info"
verbosity: info
# Wait for a duration before uploading the torrent.
# The duration is a string that can be parsed such as `500ms`, `5m`, `1h30m15s`.
wait_before_upload: null
